17-Jun-2026 03:58:52.838 INFO [main] org.apache.catalina.startup.VersionLoggerListener.log Server version name:   Apache Tomcat/9.0.116
17-Jun-2026 03:58:52.846 INFO [main] org.apache.catalina.startup.VersionLoggerListener.log Server built:          Mar 16 2026 15:05:42 UTC
17-Jun-2026 03:58:52.847 INFO [main] org.apache.catalina.startup.VersionLoggerListener.log Server version number: 9.0.116.0
17-Jun-2026 03:58:52.848 INFO [main] org.apache.catalina.startup.VersionLoggerListener.log OS Name:               Windows 11
17-Jun-2026 03:58:52.848 INFO [main] org.apache.catalina.startup.VersionLoggerListener.log OS Version:            10.0
17-Jun-2026 03:58:52.848 INFO [main] org.apache.catalina.startup.VersionLoggerListener.log Architecture:          amd64
17-Jun-2026 03:58:52.849 INFO [main] org.apache.catalina.startup.VersionLoggerListener.log Java Home:             C:\Program Files\Eclipse Adoptium\jdk-21.0.9.10-hotspot
17-Jun-2026 03:58:52.850 INFO [main] org.apache.catalina.startup.VersionLoggerListener.log JVM Version:           21.0.9+10-LTS
17-Jun-2026 03:58:52.851 INFO [main] org.apache.catalina.startup.VersionLoggerListener.log JVM Vendor:            Eclipse Adoptium
17-Jun-2026 03:58:52.851 INFO [main] org.apache.catalina.startup.VersionLoggerListener.log CATALINA_BASE:         C:\Users\Anurodh Saxena\Documents\MGIT\Sem-IV\9. Node\TASK7-8_Servlet_Txn\apache-tomcat-9.0.116
17-Jun-2026 03:58:52.851 INFO [main] org.apache.catalina.startup.VersionLoggerListener.log CATALINA_HOME:         C:\Users\Anurodh Saxena\Documents\MGIT\Sem-IV\9. Node\TASK7-8_Servlet_Txn\apache-tomcat-9.0.116
17-Jun-2026 03:58:52.894 INFO [main] org.apache.catalina.startup.VersionLoggerListener.log Command line argument: --add-opens=java.base/java.lang=ALL-UNNAMED
17-Jun-2026 03:58:52.896 INFO [main] org.apache.catalina.startup.VersionLoggerListener.log Command line argument: --add-opens=java.base/java.lang.invoke=ALL-UNNAMED
17-Jun-2026 03:58:52.896 INFO [main] org.apache.catalina.startup.VersionLoggerListener.log Command line argument: --add-opens=java.base/java.lang.reflect=ALL-UNNAMED
17-Jun-2026 03:58:52.896 INFO [main] org.apache.catalina.startup.VersionLoggerListener.log Command line argument: --add-opens=java.base/java.io=ALL-UNNAMED
17-Jun-2026 03:58:52.897 INFO [main] org.apache.catalina.startup.VersionLoggerListener.log Command line argument: --add-opens=java.base/java.util=ALL-UNNAMED
17-Jun-2026 03:58:52.897 INFO [main] org.apache.catalina.startup.VersionLoggerListener.log Command line argument: --add-opens=java.base/java.util.concurrent=ALL-UNNAMED
17-Jun-2026 03:58:52.897 INFO [main] org.apache.catalina.startup.VersionLoggerListener.log Command line argument: --add-opens=java.rmi/sun.rmi.transport=ALL-UNNAMED
17-Jun-2026 03:58:52.897 INFO [main] org.apache.catalina.startup.VersionLoggerListener.log Command line argument: -Djava.util.logging.config.file=C:\Users\Anurodh Saxena\Documents\MGIT\Sem-IV\9. Node\TASK7-8_Servlet_Txn\apache-tomcat-9.0.116\conf\logging.properties
17-Jun-2026 03:58:52.898 INFO [main] org.apache.catalina.startup.VersionLoggerListener.log Command line argument: -Djava.util.logging.manager=org.apache.juli.ClassLoaderLogManager
17-Jun-2026 03:58:52.898 INFO [main] org.apache.catalina.startup.VersionLoggerListener.log Command line argument: -Djdk.tls.ephemeralDHKeySize=2048
17-Jun-2026 03:58:52.899 INFO [main] org.apache.catalina.startup.VersionLoggerListener.log Command line argument: -Djava.protocol.handler.pkgs=org.apache.catalina.webresources
17-Jun-2026 03:58:52.899 INFO [main] org.apache.catalina.startup.VersionLoggerListener.log Command line argument: -Dsun.io.useCanonCaches=false
17-Jun-2026 03:58:52.899 INFO [main] org.apache.catalina.startup.VersionLoggerListener.log Command line argument: -Dignore.endorsed.dirs=
17-Jun-2026 03:58:52.900 INFO [main] org.apache.catalina.startup.VersionLoggerListener.log Command line argument: -Dcatalina.base=C:\Users\Anurodh Saxena\Documents\MGIT\Sem-IV\9. Node\TASK7-8_Servlet_Txn\apache-tomcat-9.0.116
17-Jun-2026 03:58:52.900 INFO [main] org.apache.catalina.startup.VersionLoggerListener.log Command line argument: -Dcatalina.home=C:\Users\Anurodh Saxena\Documents\MGIT\Sem-IV\9. Node\TASK7-8_Servlet_Txn\apache-tomcat-9.0.116
17-Jun-2026 03:58:52.901 INFO [main] org.apache.catalina.startup.VersionLoggerListener.log Command line argument: -Djava.io.tmpdir=C:\Users\Anurodh Saxena\Documents\MGIT\Sem-IV\9. Node\TASK7-8_Servlet_Txn\apache-tomcat-9.0.116\temp
17-Jun-2026 03:58:52.917 INFO [main] org.apache.catalina.core.AprLifecycleListener.lifecycleEvent The Apache Tomcat Native library which allows using OpenSSL was not found on the java.library.path: [C:\Program Files\Eclipse Adoptium\jdk-21.0.9.10-hotspot\bin;C:\WINDOWS\Sun\Java\bin;C:\WINDOWS\system32;C:\WINDOWS;C:\Program Files\Eclipse Adoptium\jdk-21.0.9.10-hotspot\bin;C:\Program Files\Common Files\Oracle\Java\javapath;C:\Program Files (x86)\Common Files\Oracle\Java\java8path;C:\Program Files (x86)\Common Files\Oracle\Java\javapath;C:\WINDOWS\system32;C:\WINDOWS;C:\WINDOWS\System32\Wbem;C:\WINDOWS\System32\WindowsPowerShell\v1.0\;C:\WINDOWS\System32\OpenSSH\;C:\Program Files\PuTTY\;C:\Program Files\dotnet\;C:\Users\Anurodh Saxena\AppData\Local\Programs\Git\cmd;C:\WINDOWS\system32\config\systemprofile\AppData\Local\Muse Hub\lib;C:\Strawberry\c\bin;C:\Strawberry\perl\site\bin;C:\Strawberry\perl\bin;C:\Program Files\nodejs\;C:\Program Files\Microsoft VS Code\bin;C:\Users\Anurodh Saxena\AppData\Local\Programs\Python\Python314\;C:\Users\Anurodh Saxena\AppData\Local\Programs\Python\Python314\Scripts;C:\Users\Anurodh Saxena\AppData\Local\Programs\Microsoft VS Code\bin;C:\Program Files\Java\jdk1.8.0_202\bin;C:\Program Files\Java\jdk1.8.0_202\jre\bin;C:\Program Files\Java\jdk1.8.0_202\jre\bin\server;C:\Users\Anurodh Saxena\AppData\Local\Microsoft\WindowsApps;C:\msys64\mingw64\bin;C:\Program Files\LLVM\bin;C:\Users\Anurodh Saxena\AppData\Local\Programs\MiKTeX\miktex\bin\x64\;C:\Program Files\MySQL\MySQL Server 8.0\bin;C:\Users\Anurodh Saxena\AppData\Roaming\npm;C:\Users\Anurodh Saxena\AppData\Local\Programs\Zed\bin;.]
17-Jun-2026 03:58:53.555 INFO [main] org.apache.coyote.AbstractProtocol.init Initializing ProtocolHandler ["http-nio-8080"]
17-Jun-2026 03:58:53.632 INFO [main] org.apache.catalina.startup.Catalina.load Server initialization in [1138] milliseconds
17-Jun-2026 03:58:53.730 INFO [main] org.apache.catalina.core.StandardService.startInternal Starting service [Catalina]
17-Jun-2026 03:58:53.731 INFO [main] org.apache.catalina.core.StandardEngine.startInternal Starting Servlet engine: [Apache Tomcat/9.0.116]
17-Jun-2026 03:58:53.753 INFO [main] org.apache.catalina.startup.HostConfig.deployDirectory Deploying web application directory [C:\Users\Anurodh Saxena\Documents\MGIT\Sem-IV\9. Node\TASK7-8_Servlet_Txn\apache-tomcat-9.0.116\webapps\BookStore]
17-Jun-2026 03:58:54.381 INFO [main] org.apache.jasper.servlet.TldScanner.scanJars At least one JAR was scanned for TLDs yet contained no TLDs. Enable debug logging for this logger for a complete list of JARs that were scanned but no TLDs were found in them. Skipping unneeded JARs during scanning can improve startup time and JSP compilation time.
17-Jun-2026 03:58:54.482 INFO [main] org.apache.catalina.startup.HostConfig.deployDirectory Deployment of web application directory [C:\Users\Anurodh Saxena\Documents\MGIT\Sem-IV\9. Node\TASK7-8_Servlet_Txn\apache-tomcat-9.0.116\webapps\BookStore] has finished in [728] ms
17-Jun-2026 03:58:54.482 INFO [main] org.apache.catalina.startup.HostConfig.deployDirectory Deploying web application directory [C:\Users\Anurodh Saxena\Documents\MGIT\Sem-IV\9. Node\TASK7-8_Servlet_Txn\apache-tomcat-9.0.116\webapps\docs]
17-Jun-2026 03:58:54.566 INFO [main] org.apache.catalina.startup.HostConfig.deployDirectory Deployment of web application directory [C:\Users\Anurodh Saxena\Documents\MGIT\Sem-IV\9. Node\TASK7-8_Servlet_Txn\apache-tomcat-9.0.116\webapps\docs] has finished in [84] ms
17-Jun-2026 03:58:54.567 INFO [main] org.apache.catalina.startup.HostConfig.deployDirectory Deploying web application directory [C:\Users\Anurodh Saxena\Documents\MGIT\Sem-IV\9. Node\TASK7-8_Servlet_Txn\apache-tomcat-9.0.116\webapps\examples]
17-Jun-2026 03:58:55.486 INFO [main] org.apache.catalina.startup.HostConfig.deployDirectory Deployment of web application directory [C:\Users\Anurodh Saxena\Documents\MGIT\Sem-IV\9. Node\TASK7-8_Servlet_Txn\apache-tomcat-9.0.116\webapps\examples] has finished in [919] ms
17-Jun-2026 03:58:55.487 INFO [main] org.apache.catalina.startup.HostConfig.deployDirectory Deploying web application directory [C:\Users\Anurodh Saxena\Documents\MGIT\Sem-IV\9. Node\TASK7-8_Servlet_Txn\apache-tomcat-9.0.116\webapps\HelloWorld]
17-Jun-2026 03:58:55.560 INFO [main] org.apache.catalina.startup.HostConfig.deployDirectory Deployment of web application directory [C:\Users\Anurodh Saxena\Documents\MGIT\Sem-IV\9. Node\TASK7-8_Servlet_Txn\apache-tomcat-9.0.116\webapps\HelloWorld] has finished in [73] ms
17-Jun-2026 03:58:55.561 INFO [main] org.apache.catalina.startup.HostConfig.deployDirectory Deploying web application directory [C:\Users\Anurodh Saxena\Documents\MGIT\Sem-IV\9. Node\TASK7-8_Servlet_Txn\apache-tomcat-9.0.116\webapps\host-manager]
17-Jun-2026 03:58:55.630 INFO [main] org.apache.catalina.startup.HostConfig.deployDirectory Deployment of web application directory [C:\Users\Anurodh Saxena\Documents\MGIT\Sem-IV\9. Node\TASK7-8_Servlet_Txn\apache-tomcat-9.0.116\webapps\host-manager] has finished in [70] ms
17-Jun-2026 03:58:55.632 INFO [main] org.apache.catalina.startup.HostConfig.deployDirectory Deploying web application directory [C:\Users\Anurodh Saxena\Documents\MGIT\Sem-IV\9. Node\TASK7-8_Servlet_Txn\apache-tomcat-9.0.116\webapps\manager]
17-Jun-2026 03:58:55.702 INFO [main] org.apache.catalina.startup.HostConfig.deployDirectory Deployment of web application directory [C:\Users\Anurodh Saxena\Documents\MGIT\Sem-IV\9. Node\TASK7-8_Servlet_Txn\apache-tomcat-9.0.116\webapps\manager] has finished in [71] ms
17-Jun-2026 03:58:55.703 INFO [main] org.apache.catalina.startup.HostConfig.deployDirectory Deploying web application directory [C:\Users\Anurodh Saxena\Documents\MGIT\Sem-IV\9. Node\TASK7-8_Servlet_Txn\apache-tomcat-9.0.116\webapps\ROOT]
17-Jun-2026 03:58:55.756 INFO [main] org.apache.catalina.startup.HostConfig.deployDirectory Deployment of web application directory [C:\Users\Anurodh Saxena\Documents\MGIT\Sem-IV\9. Node\TASK7-8_Servlet_Txn\apache-tomcat-9.0.116\webapps\ROOT] has finished in [52] ms
17-Jun-2026 03:58:55.756 INFO [main] org.apache.catalina.startup.HostConfig.deployDirectory Deploying web application directory [C:\Users\Anurodh Saxena\Documents\MGIT\Sem-IV\9. Node\TASK7-8_Servlet_Txn\apache-tomcat-9.0.116\webapps\TASK7]
17-Jun-2026 03:58:56.323 INFO [main] org.apache.jasper.servlet.TldScanner.scanJars At least one JAR was scanned for TLDs yet contained no TLDs. Enable debug logging for this logger for a complete list of JARs that were scanned but no TLDs were found in them. Skipping unneeded JARs during scanning can improve startup time and JSP compilation time.
17-Jun-2026 03:58:56.328 INFO [main] org.apache.catalina.startup.HostConfig.deployDirectory Deployment of web application directory [C:\Users\Anurodh Saxena\Documents\MGIT\Sem-IV\9. Node\TASK7-8_Servlet_Txn\apache-tomcat-9.0.116\webapps\TASK7] has finished in [572] ms
17-Jun-2026 03:58:56.329 INFO [main] org.apache.catalina.startup.HostConfig.deployDirectory Deploying web application directory [C:\Users\Anurodh Saxena\Documents\MGIT\Sem-IV\9. Node\TASK7-8_Servlet_Txn\apache-tomcat-9.0.116\webapps\TASK8-A]
17-Jun-2026 03:58:56.404 INFO [main] org.apache.catalina.startup.HostConfig.deployDirectory Deployment of web application directory [C:\Users\Anurodh Saxena\Documents\MGIT\Sem-IV\9. Node\TASK7-8_Servlet_Txn\apache-tomcat-9.0.116\webapps\TASK8-A] has finished in [75] ms
17-Jun-2026 03:58:56.405 INFO [main] org.apache.catalina.startup.HostConfig.deployDirectory Deploying web application directory [C:\Users\Anurodh Saxena\Documents\MGIT\Sem-IV\9. Node\TASK7-8_Servlet_Txn\apache-tomcat-9.0.116\webapps\TASK8-B]
17-Jun-2026 03:58:56.491 INFO [main] org.apache.catalina.startup.HostConfig.deployDirectory Deployment of web application directory [C:\Users\Anurodh Saxena\Documents\MGIT\Sem-IV\9. Node\TASK7-8_Servlet_Txn\apache-tomcat-9.0.116\webapps\TASK8-B] has finished in [86] ms
17-Jun-2026 03:58:56.498 INFO [main] org.apache.coyote.AbstractProtocol.start Starting ProtocolHandler ["http-nio-8080"]
17-Jun-2026 03:58:56.556 INFO [main] org.apache.catalina.startup.Catalina.start Server startup in [2920] milliseconds
